/home/samuel/git/all/01_Aqua_Feeder_V3_LoRa/program/03_STM32/MX/0206_n-002/0106/LoRaWAN_End_Node_LBM/Middlewares/Third_Party/LoRaWAN/smtc_modem_core/lorawan_manager/lorawan_cid_request_management.c:243:16:lorawan_cid_request_management_downlink_handler	0	static
/home/samuel/git/all/01_Aqua_Feeder_V3_LoRa/program/03_STM32/MX/0206_n-002/0106/LoRaWAN_End_Node_LBM/Middlewares/Third_Party/LoRaWAN/smtc_modem_core/lorawan_manager/lorawan_cid_request_management.c:207:13:lorawan_cid_request_management_on_update	24	static
/home/samuel/git/all/01_Aqua_Feeder_V3_LoRa/program/03_STM32/MX/0206_n-002/0106/LoRaWAN_End_Node_LBM/Middlewares/Third_Party/LoRaWAN/smtc_modem_core/lorawan_manager/lorawan_cid_request_management.c:176:13:lorawan_cid_request_management_on_launch	48	static
/home/samuel/git/all/01_Aqua_Feeder_V3_LoRa/program/03_STM32/MX/0206_n-002/0106/LoRaWAN_End_Node_LBM/Middlewares/Third_Party/LoRaWAN/smtc_modem_core/lorawan_manager/lorawan_cid_request_management.c:133:6:lorawan_cid_request_management_init	8	static
/home/samuel/git/all/01_Aqua_Feeder_V3_LoRa/program/03_STM32/MX/0206_n-002/0106/LoRaWAN_End_Node_LBM/Middlewares/Third_Party/LoRaWAN/smtc_modem_core/lorawan_manager/lorawan_cid_request_management.c:144:25:lorawan_cid_request_add_task	56	static
/home/samuel/git/all/01_Aqua_Feeder_V3_LoRa/program/03_STM32/MX/0206_n-002/0106/LoRaWAN_End_Node_LBM/Middlewares/Third_Party/LoRaWAN/smtc_modem_core/lorawan_manager/lorawan_cid_request_management.c:165:6:lorawan_cid_request_remove_task	16	static
