/home/samuel/git/all/01_Aqua_Feeder_V3_LoRa/program/03_STM32/MX/0206_n-002/0106/LoRaWAN_End_Node_LBM/Middlewares/Third_Party/SubGHz_Phy/lorawan/radio_drivers/sx126x_driver/src/sx126x_lr_fhss.c:147:17:sx126x_lr_fhss_init	32	static
/home/samuel/git/all/01_Aqua_Feeder_V3_LoRa/program/03_STM32/MX/0206_n-002/0106/LoRaWAN_End_Node_LBM/Middlewares/Third_Party/SubGHz_Phy/lorawan/radio_drivers/sx126x_driver/src/sx126x_lr_fhss.c:164:10:sx126x_lr_fhss_get_bit_delay_in_us	16	static
/home/samuel/git/all/01_Aqua_Feeder_V3_LoRa/program/03_STM32/MX/0206_n-002/0106/LoRaWAN_End_Node_LBM/Middlewares/Third_Party/SubGHz_Phy/lorawan/radio_drivers/sx126x_driver/src/sx126x_lr_fhss.c:301:17:sx126x_lr_fhss_write_payload	8	static
/home/samuel/git/all/01_Aqua_Feeder_V3_LoRa/program/03_STM32/MX/0206_n-002/0106/LoRaWAN_End_Node_LBM/Middlewares/Third_Party/SubGHz_Phy/lorawan/radio_drivers/sx126x_driver/src/sx126x_lr_fhss.c:367:17:sx126x_lr_fhss_handle_tx_done	16	static
/home/samuel/git/all/01_Aqua_Feeder_V3_LoRa/program/03_STM32/MX/0206_n-002/0106/LoRaWAN_End_Node_LBM/Middlewares/Third_Party/SubGHz_Phy/lorawan/radio_drivers/sx126x_driver/src/sx126x_lr_fhss.c:382:17:sx126x_lr_fhss_write_hop_config	16	static
/home/samuel/git/all/01_Aqua_Feeder_V3_LoRa/program/03_STM32/MX/0206_n-002/0106/LoRaWAN_End_Node_LBM/Middlewares/Third_Party/SubGHz_Phy/lorawan/radio_drivers/sx126x_driver/src/sx126x_lr_fhss.c:391:17:sx126x_lr_fhss_write_hop	16	static
/home/samuel/git/all/01_Aqua_Feeder_V3_LoRa/program/03_STM32/MX/0206_n-002/0106/LoRaWAN_End_Node_LBM/Middlewares/Third_Party/SubGHz_Phy/lorawan/radio_drivers/sx126x_driver/src/sx126x_lr_fhss.c:412:10:sx126x_lr_fhss_get_next_freq_in_pll_steps	16	static
/home/samuel/git/all/01_Aqua_Feeder_V3_LoRa/program/03_STM32/MX/0206_n-002/0106/LoRaWAN_End_Node_LBM/Middlewares/Third_Party/SubGHz_Phy/lorawan/radio_drivers/sx126x_driver/src/sx126x_lr_fhss.c:175:17:sx126x_lr_fhss_process_parameters	24	static
/home/samuel/git/all/01_Aqua_Feeder_V3_LoRa/program/03_STM32/MX/0206_n-002/0106/LoRaWAN_End_Node_LBM/Middlewares/Third_Party/SubGHz_Phy/lorawan/radio_drivers/sx126x_driver/src/sx126x_lr_fhss.c:225:17:sx126x_lr_fhss_write_hop_sequence_head	32	static
/home/samuel/git/all/01_Aqua_Feeder_V3_LoRa/program/03_STM32/MX/0206_n-002/0106/LoRaWAN_End_Node_LBM/Middlewares/Third_Party/SubGHz_Phy/lorawan/radio_drivers/sx126x_driver/src/sx126x_lr_fhss.c:309:17:sx126x_lr_fhss_build_frame	288	static
/home/samuel/git/all/01_Aqua_Feeder_V3_LoRa/program/03_STM32/MX/0206_n-002/0106/LoRaWAN_End_Node_LBM/Middlewares/Third_Party/SubGHz_Phy/lorawan/radio_drivers/sx126x_driver/src/sx126x_lr_fhss.c:339:17:sx126x_lr_fhss_handle_hop	24	static
