/home/samuel/git/all/01_Aqua_Feeder_V3_LoRa/program/03_STM32/MX/0206_n-002/0106/LoRaWAN_End_Node_LBM/Middlewares/Third_Party/LoRaWAN/smtc_modem_core/modem_utilities/modem_core.c:295:6:modem_empty_callback	0	static
/home/samuel/git/all/01_Aqua_Feeder_V3_LoRa/program/03_STM32/MX/0206_n-002/0106/LoRaWAN_End_Node_LBM/Middlewares/Third_Party/LoRaWAN/smtc_modem_core/modem_utilities/modem_core.c:495:6:modem_downlink_callback	40	static
/home/samuel/git/all/01_Aqua_Feeder_V3_LoRa/program/03_STM32/MX/0206_n-002/0106/LoRaWAN_End_Node_LBM/Middlewares/Third_Party/LoRaWAN/smtc_modem_core/modem_utilities/modem_core.c:258:14:modem_context_get_fifo_obj	0	static
/home/samuel/git/all/01_Aqua_Feeder_V3_LoRa/program/03_STM32/MX/0206_n-002/0106/LoRaWAN_End_Node_LBM/Middlewares/Third_Party/LoRaWAN/smtc_modem_core/modem_utilities/modem_core.c:263:6:modem_set_test_mode_status	0	static
/home/samuel/git/all/01_Aqua_Feeder_V3_LoRa/program/03_STM32/MX/0206_n-002/0106/LoRaWAN_End_Node_LBM/Middlewares/Third_Party/LoRaWAN/smtc_modem_core/modem_utilities/modem_core.c:268:6:modem_get_test_mode_status	0	static
/home/samuel/git/all/01_Aqua_Feeder_V3_LoRa/program/03_STM32/MX/0206_n-002/0106/LoRaWAN_End_Node_LBM/Middlewares/Third_Party/LoRaWAN/smtc_modem_core/modem_utilities/modem_core.c:272:10:modem_get_user_alarm	0	static
/home/samuel/git/all/01_Aqua_Feeder_V3_LoRa/program/03_STM32/MX/0206_n-002/0106/LoRaWAN_End_Node_LBM/Middlewares/Third_Party/LoRaWAN/smtc_modem_core/modem_utilities/modem_core.c:276:6:modem_set_user_alarm	0	static
/home/samuel/git/all/01_Aqua_Feeder_V3_LoRa/program/03_STM32/MX/0206_n-002/0106/LoRaWAN_End_Node_LBM/Middlewares/Third_Party/LoRaWAN/smtc_modem_core/modem_utilities/modem_core.c:281:6:modem_set_radio_ctx	0	static
/home/samuel/git/all/01_Aqua_Feeder_V3_LoRa/program/03_STM32/MX/0206_n-002/0106/LoRaWAN_End_Node_LBM/Middlewares/Third_Party/LoRaWAN/smtc_modem_core/modem_utilities/modem_core.c:286:13:modem_get_radio_ctx	0	static
/home/samuel/git/all/01_Aqua_Feeder_V3_LoRa/program/03_STM32/MX/0206_n-002/0106/LoRaWAN_End_Node_LBM/Middlewares/Third_Party/LoRaWAN/smtc_modem_core/modem_utilities/modem_core.c:290:18:modem_get_rp	0	static
/home/samuel/git/all/01_Aqua_Feeder_V3_LoRa/program/03_STM32/MX/0206_n-002/0106/LoRaWAN_End_Node_LBM/Middlewares/Third_Party/LoRaWAN/smtc_modem_core/modem_utilities/modem_core.c:300:6:modem_suspend_radio_access	208	static
/home/samuel/git/all/01_Aqua_Feeder_V3_LoRa/program/03_STM32/MX/0206_n-002/0106/LoRaWAN_End_Node_LBM/Middlewares/Third_Party/LoRaWAN/smtc_modem_core/modem_utilities/modem_core.c:325:6:modem_resume_radio_access	8	static
/home/samuel/git/all/01_Aqua_Feeder_V3_LoRa/program/03_STM32/MX/0206_n-002/0106/LoRaWAN_End_Node_LBM/Middlewares/Third_Party/LoRaWAN/smtc_modem_core/modem_utilities/modem_core.c:343:10:crc	4	static
/home/samuel/git/all/01_Aqua_Feeder_V3_LoRa/program/03_STM32/MX/0206_n-002/0106/LoRaWAN_End_Node_LBM/Middlewares/Third_Party/LoRaWAN/smtc_modem_core/modem_utilities/modem_core.c:358:9:modem_duty_cycle_get_status	88	static
/home/samuel/git/all/01_Aqua_Feeder_V3_LoRa/program/03_STM32/MX/0206_n-002/0106/LoRaWAN_End_Node_LBM/Middlewares/Third_Party/LoRaWAN/smtc_modem_core/modem_utilities/modem_core.c:399:9:modem_get_status	16	static
/home/samuel/git/all/01_Aqua_Feeder_V3_LoRa/program/03_STM32/MX/0206_n-002/0106/LoRaWAN_End_Node_LBM/Middlewares/Third_Party/LoRaWAN/smtc_modem_core/modem_utilities/modem_core.c:437:6:modem_store_modem_context	24	static
/home/samuel/git/all/01_Aqua_Feeder_V3_LoRa/program/03_STM32/MX/0206_n-002/0106/LoRaWAN_End_Node_LBM/Middlewares/Third_Party/LoRaWAN/smtc_modem_core/modem_utilities/modem_core.c:458:6:modem_load_modem_context	24	static
/home/samuel/git/all/01_Aqua_Feeder_V3_LoRa/program/03_STM32/MX/0206_n-002/0106/LoRaWAN_End_Node_LBM/Middlewares/Third_Party/LoRaWAN/smtc_modem_core/modem_utilities/modem_core.c:179:6:modem_context_init_light	48	static
/home/samuel/git/all/01_Aqua_Feeder_V3_LoRa/program/03_STM32/MX/0206_n-002/0106/LoRaWAN_End_Node_LBM/Middlewares/Third_Party/LoRaWAN/smtc_modem_core/modem_utilities/modem_core.c:478:6:modem_reset_modem_context	24	static
/home/samuel/git/all/01_Aqua_Feeder_V3_LoRa/program/03_STM32/MX/0206_n-002/0106/LoRaWAN_End_Node_LBM/Middlewares/Third_Party/LoRaWAN/smtc_modem_core/modem_utilities/modem_core.c:485:10:modem_get_reset_counter	0	static
