../../Middlewares/Third_Party/LoRaWAN/smtc_modem_hal/smtc_modem_hal.h:211:24:smtc_modem_hal_get_random_nb_in_range	16	static
/home/samuel/git/all/01_Aqua_Feeder_V3_LoRa/program/03_STM32/MX/0206_n-002/0106/LoRaWAN_End_Node_LBM/Middlewares/Third_Party/LoRaWAN/smtc_modem_core/modem_services/store_and_forward/store_and_forward.c:490:29:store_and_forward_get_ctx_from_stack_id	4	static
/home/samuel/git/all/01_Aqua_Feeder_V3_LoRa/program/03_STM32/MX/0206_n-002/0106/LoRaWAN_End_Node_LBM/Middlewares/Third_Party/LoRaWAN/smtc_modem_core/modem_services/store_and_forward/store_and_forward.c:521:17:store_and_forward_compute_next_delay_s	8	static
/home/samuel/git/all/01_Aqua_Feeder_V3_LoRa/program/03_STM32/MX/0206_n-002/0106/LoRaWAN_End_Node_LBM/Middlewares/Third_Party/LoRaWAN/smtc_modem_core/modem_services/store_and_forward/store_and_forward.c:506:13:store_and_forward_add_task	40	static
/home/samuel/git/all/01_Aqua_Feeder_V3_LoRa/program/03_STM32/MX/0206_n-002/0106/LoRaWAN_End_Node_LBM/Middlewares/Third_Party/LoRaWAN/smtc_modem_core/modem_services/store_and_forward/store_and_forward.c:420:13:store_and_forward_service_on_update	16	static
/home/samuel/git/all/01_Aqua_Feeder_V3_LoRa/program/03_STM32/MX/0206_n-002/0106/LoRaWAN_End_Node_LBM/Middlewares/Third_Party/LoRaWAN/smtc_modem_core/modem_services/store_and_forward/store_and_forward.c:348:13:store_and_forward_service_on_launch	56	static
/home/samuel/git/all/01_Aqua_Feeder_V3_LoRa/program/03_STM32/MX/0206_n-002/0106/LoRaWAN_End_Node_LBM/Middlewares/Third_Party/LoRaWAN/smtc_modem_core/modem_services/store_and_forward/store_and_forward.c:455:16:store_and_forward_service_downlink_handler	24	static
/home/samuel/git/all/01_Aqua_Feeder_V3_LoRa/program/03_STM32/MX/0206_n-002/0106/LoRaWAN_End_Node_LBM/Middlewares/Third_Party/LoRaWAN/smtc_modem_core/modem_services/store_and_forward/store_and_forward.c:224:6:store_and_forward_services_init	40	static
/home/samuel/git/all/01_Aqua_Feeder_V3_LoRa/program/03_STM32/MX/0206_n-002/0106/LoRaWAN_End_Node_LBM/Middlewares/Third_Party/LoRaWAN/smtc_modem_core/modem_services/store_and_forward/store_and_forward.c:248:6:store_and_forward_services_enable	32	static
/home/samuel/git/all/01_Aqua_Feeder_V3_LoRa/program/03_STM32/MX/0206_n-002/0106/LoRaWAN_End_Node_LBM/Middlewares/Third_Party/LoRaWAN/smtc_modem_core/modem_services/store_and_forward/store_and_forward.c:277:24:store_and_forward_add_data	64	static
/home/samuel/git/all/01_Aqua_Feeder_V3_LoRa/program/03_STM32/MX/0206_n-002/0106/LoRaWAN_End_Node_LBM/Middlewares/Third_Party/LoRaWAN/smtc_modem_core/modem_services/store_and_forward/store_and_forward.c:335:6:store_and_forward_clear_data	24	static
