/home/samuel/git/all/01_Aqua_Feeder_V3_LoRa/program/03_STM32/MX/0206_n-002/0106/LoRaWAN_End_Node_LBM/LoRaWAN/App/lora_app.c:479:13:SystemReset	8	static,ignoring_inline_asm
/home/samuel/git/all/01_Aqua_Feeder_V3_LoRa/program/03_STM32/MX/0206_n-002/0106/LoRaWAN_End_Node_LBM/LoRaWAN/App/lora_app.c:491:17:GetRandomValue	16	static
/home/samuel/git/all/01_Aqua_Feeder_V3_LoRa/program/03_STM32/MX/0206_n-002/0106/LoRaWAN_End_Node_LBM/LoRaWAN/App/lora_app.c:547:13:StoreContext	16	static
/home/samuel/git/all/01_Aqua_Feeder_V3_LoRa/program/03_STM32/MX/0206_n-002/0106/LoRaWAN_End_Node_LBM/LoRaWAN/App/lora_app.c:515:13:RestoreContext	16	static
/home/samuel/git/all/01_Aqua_Feeder_V3_LoRa/program/03_STM32/MX/0206_n-002/0106/LoRaWAN_End_Node_LBM/LoRaWAN/App/lora_app.c:921:13:OnRxTimerLedEvent	8	static
/home/samuel/git/all/01_Aqua_Feeder_V3_LoRa/program/03_STM32/MX/0206_n-002/0106/LoRaWAN_End_Node_LBM/LoRaWAN/App/lora_app.c:916:13:OnTxTimerLedEvent	8	static
/home/samuel/git/all/01_Aqua_Feeder_V3_LoRa/program/03_STM32/MX/0206_n-002/0106/LoRaWAN_End_Node_LBM/LoRaWAN/App/lora_app.c:808:13:SendTxData	72	static
/home/samuel/git/all/01_Aqua_Feeder_V3_LoRa/program/03_STM32/MX/0206_n-002/0106/LoRaWAN_End_Node_LBM/LoRaWAN/App/lora_app.c:587:13:EventCallback	40	static
/home/samuel/git/all/01_Aqua_Feeder_V3_LoRa/program/03_STM32/MX/0206_n-002/0106/LoRaWAN_End_Node_LBM/LoRaWAN/App/lora_app.c:926:13:OnJoinTimerLedEvent	8	static
/home/samuel/git/all/01_Aqua_Feeder_V3_LoRa/program/03_STM32/MX/0206_n-002/0106/LoRaWAN_End_Node_LBM/LoRaWAN/App/lora_app.c:364:6:LoRaWAN_Init	40	static
/home/samuel/git/all/01_Aqua_Feeder_V3_LoRa/program/03_STM32/MX/0206_n-002/0106/LoRaWAN_End_Node_LBM/LoRaWAN/App/lora_app.c:442:6:LoRaWAN_Process	16	static
/home/samuel/git/all/01_Aqua_Feeder_V3_LoRa/program/03_STM32/MX/0206_n-002/0106/LoRaWAN_End_Node_LBM/LoRaWAN/App/lora_app.c:782:6:HAL_GPIO_EXTI_Callback	0	static
