/home/samuel/git/all/01_Aqua_Feeder_V3_LoRa/program/03_STM32/MX/0106/LoRaWAN_End_Node_LBM/Middlewares/Third_Party/LoRaWAN/smtc_modem_core/smtc_modem_crypto/soft_secure_element/aes.c:315:13:copy_block	0	static
/home/samuel/git/all/01_Aqua_Feeder_V3_LoRa/program/03_STM32/MX/0106/LoRaWAN_End_Node_LBM/Middlewares/Third_Party/LoRaWAN/smtc_modem_core/smtc_modem_crypto/soft_secure_element/aes.c:342:13:copy_block_nn	0	static
/home/samuel/git/all/01_Aqua_Feeder_V3_LoRa/program/03_STM32/MX/0106/LoRaWAN_End_Node_LBM/Middlewares/Third_Party/LoRaWAN/smtc_modem_core/smtc_modem_crypto/soft_secure_element/aes.c:349:13:xor_block	0	static
/home/samuel/git/all/01_Aqua_Feeder_V3_LoRa/program/03_STM32/MX/0106/LoRaWAN_End_Node_LBM/Middlewares/Third_Party/LoRaWAN/smtc_modem_core/smtc_modem_crypto/soft_secure_element/aes.c:376:13:copy_and_key	0	static
/home/samuel/git/all/01_Aqua_Feeder_V3_LoRa/program/03_STM32/MX/0106/LoRaWAN_End_Node_LBM/Middlewares/Third_Party/LoRaWAN/smtc_modem_core/smtc_modem_crypto/soft_secure_element/aes.c:406:13:add_round_key	8	static
/home/samuel/git/all/01_Aqua_Feeder_V3_LoRa/program/03_STM32/MX/0106/LoRaWAN_End_Node_LBM/Middlewares/Third_Party/LoRaWAN/smtc_modem_core/smtc_modem_crypto/soft_secure_element/aes.c:411:13:shift_sub_rows	0	static
/home/samuel/git/all/01_Aqua_Feeder_V3_LoRa/program/03_STM32/MX/0106/LoRaWAN_End_Node_LBM/Middlewares/Third_Party/LoRaWAN/smtc_modem_core/smtc_modem_crypto/soft_secure_element/aes.c:448:15:mix_sub_columns	48	static
/home/samuel/git/all/01_Aqua_Feeder_V3_LoRa/program/03_STM32/MX/0106/LoRaWAN_End_Node_LBM/Middlewares/Third_Party/LoRaWAN/smtc_modem_core/smtc_modem_crypto/soft_secure_element/aes.c:513:13:aes_set_key	32	static
/home/samuel/git/all/01_Aqua_Feeder_V3_LoRa/program/03_STM32/MX/0106/LoRaWAN_End_Node_LBM/Middlewares/Third_Party/LoRaWAN/smtc_modem_core/smtc_modem_crypto/soft_secure_element/aes.c:568:13:aes_encrypt	40	static
/home/samuel/git/all/01_Aqua_Feeder_V3_LoRa/program/03_STM32/MX/0106/LoRaWAN_End_Node_LBM/Middlewares/Third_Party/LoRaWAN/smtc_modem_core/smtc_modem_crypto/soft_secure_element/aes.c:597:13:aes_cbc_encrypt	24	static
