../../Middlewares/Third_Party/LoRaWAN/smtc_modem_hal/smtc_modem_hal.h:211:24:smtc_modem_hal_get_random_nb_in_range	16	static
/home/samuel/git/all/01_Aqua_Feeder_V3_LoRa/program/03_STM32/MX/0206_n-002/0106/LoRaWAN_End_Node_LBM/Middlewares/Third_Party/LoRaWAN/smtc_modem_core/lr1mac/src/services/smtc_lora_cad_bt.c:482:13:smtc_lora_cad_bt_reset_to_difs_phase	0	static
/home/samuel/git/all/01_Aqua_Feeder_V3_LoRa/program/03_STM32/MX/0206_n-002/0106/LoRaWAN_End_Node_LBM/Middlewares/Third_Party/LoRaWAN/smtc_modem_core/lr1mac/src/services/smtc_lora_cad_bt.c:489:13:smtc_lora_cad_bt_channel_is_free	8	static
/home/samuel/git/all/01_Aqua_Feeder_V3_LoRa/program/03_STM32/MX/0206_n-002/0106/LoRaWAN_End_Node_LBM/Middlewares/Third_Party/LoRaWAN/smtc_modem_core/lr1mac/src/services/smtc_lora_cad_bt.c:496:17:smtc_lora_cad_bt_get_symbol_duration_us	16	static
/home/samuel/git/all/01_Aqua_Feeder_V3_LoRa/program/03_STM32/MX/0206_n-002/0106/LoRaWAN_End_Node_LBM/Middlewares/Third_Party/LoRaWAN/smtc_modem_core/lr1mac/src/services/smtc_lora_cad_bt.c:409:13:smtc_lora_cad_bt_rp_callback	24	static
/home/samuel/git/all/01_Aqua_Feeder_V3_LoRa/program/03_STM32/MX/0206_n-002/0106/LoRaWAN_End_Node_LBM/Middlewares/Third_Party/LoRaWAN/smtc_modem_core/lr1mac/src/services/smtc_lora_cad_bt.c:387:13:smtc_cad_bt_launch_radio_callback_for_rp	48	static
/home/samuel/git/all/01_Aqua_Feeder_V3_LoRa/program/03_STM32/MX/0206_n-002/0106/LoRaWAN_End_Node_LBM/Middlewares/Third_Party/LoRaWAN/smtc_modem_core/lr1mac/src/services/smtc_lora_cad_bt.c:132:6:smtc_lora_cad_bt_init	40	static
/home/samuel/git/all/01_Aqua_Feeder_V3_LoRa/program/03_STM32/MX/0206_n-002/0106/LoRaWAN_End_Node_LBM/Middlewares/Third_Party/LoRaWAN/smtc_modem_core/lr1mac/src/services/smtc_lora_cad_bt.c:172:24:smtc_lora_cad_bt_set_parameters	0	static
/home/samuel/git/all/01_Aqua_Feeder_V3_LoRa/program/03_STM32/MX/0206_n-002/0106/LoRaWAN_End_Node_LBM/Middlewares/Third_Party/LoRaWAN/smtc_modem_core/lr1mac/src/services/smtc_lora_cad_bt.c:198:6:smtc_lora_cad_bt_get_parameters	0	static
/home/samuel/git/all/01_Aqua_Feeder_V3_LoRa/program/03_STM32/MX/0206_n-002/0106/LoRaWAN_End_Node_LBM/Middlewares/Third_Party/LoRaWAN/smtc_modem_core/lr1mac/src/services/smtc_lora_cad_bt.c:206:6:smtc_lora_cad_bt_set_state	0	static
/home/samuel/git/all/01_Aqua_Feeder_V3_LoRa/program/03_STM32/MX/0206_n-002/0106/LoRaWAN_End_Node_LBM/Middlewares/Third_Party/LoRaWAN/smtc_modem_core/lr1mac/src/services/smtc_lora_cad_bt.c:211:6:smtc_lora_cad_bt_get_state	0	static
/home/samuel/git/all/01_Aqua_Feeder_V3_LoRa/program/03_STM32/MX/0206_n-002/0106/LoRaWAN_End_Node_LBM/Middlewares/Third_Party/LoRaWAN/smtc_modem_core/lr1mac/src/services/smtc_lora_cad_bt.c:217:6:smtc_lora_cad_bt_listen_channel	232	static
/home/samuel/git/all/01_Aqua_Feeder_V3_LoRa/program/03_STM32/MX/0206_n-002/0106/LoRaWAN_End_Node_LBM/Middlewares/Third_Party/LoRaWAN/smtc_modem_core/lr1mac/src/services/smtc_lora_cad_bt.c:370:21:smtc_cad_get_obj	0	static
